pip_system_certs: ERROR: could not inject truststore: [ASN1: NOT_ENOUGH_DATA] not enough data (_ssl.c:4030)
[    5.1s] root . sub working\o_fz192.csv dev cuda threads 10
[    5.1s] wrote fallback submission
[    5.1s] native panel size 160
[    5.1s] loading images ...
[   19.3s] loaded (2502, 160, 160) (2105, 160, 160)
[   23.9s] groups: 40 (fine k=40, dup thr=9.57, tracks=2283), regimes=6
[   23.9s] fold sizes [507, 497, 492, 507, 499] fold posrate [0.26, 0.245, 0.24, 0.375, 0.24]
[   23.9s] specs: [('cart', 1.0)]
[   24.1s] pretrained weights loaded
[   24.9s] probe cart: est 28s per model
[   24.9s] cart fold 0: budget until 4812s (est epoch -1s)
[   25.1s] pretrained weights loaded
[   28.7s] cart fold 0 ep 0 loss 0.5852 (4s)
[   32.1s] cart fold 0 ep 1 loss 0.5290 (3s)
[   35.6s] cart fold 0 ep 2 loss 0.5377 (3s)
[   38.9s] cart fold 0 ep 3 loss 0.5152 (3s)
[   42.6s] cart fold 0 ep 4 loss 0.4962 (4s)
[   46.1s] cart fold 0 ep 5 loss 0.5049 (4s)
[   49.9s] cart fold 0 ep 6 loss 0.4928 (4s)
[   53.7s] cart fold 0 ep 7 loss 0.4812 (4s)
[   57.5s] cart fold 0 ep 8 loss 0.4730 (4s)
[   61.4s] cart fold 0 ep 9 loss 0.4664 (4s)
[   65.2s] cart fold 0 ep 10 loss 0.4532 (4s)
[   69.0s] cart fold 0 ep 11 loss 0.4453 (4s)
[   71.4s] cart fold 0 val util 0.5948 ap 0.4935
[   80.9s] cart fold 0 done, submission updated (counts {'cart': 1})
[   80.9s] cart fold 1: budget until 130s (est epoch 4s)
[   81.1s] pretrained weights loaded
[   85.0s] cart fold 1 ep 0 loss 0.6103 (4s)
[   88.7s] cart fold 1 ep 1 loss 0.5498 (4s)
[   92.6s] cart fold 1 ep 2 loss 0.5477 (4s)
[   96.3s] cart fold 1 ep 3 loss 0.5212 (4s)
[  100.2s] cart fold 1 ep 4 loss 0.5170 (4s)
[  103.9s] cart fold 1 ep 5 loss 0.5005 (4s)
[  107.7s] cart fold 1 ep 6 loss 0.4989 (4s)
[  111.4s] cart fold 1 ep 7 loss 0.4922 (4s)
[  115.2s] cart fold 1 ep 8 loss 0.4754 (4s)
[  119.1s] cart fold 1 ep 9 loss 0.4634 (4s)
[  122.9s] cart fold 1 ep 10 loss 0.4679 (4s)
[  126.7s] cart fold 1 ep 11 loss 0.4607 (4s)
[  129.0s] cart fold 1 val util 0.6022 ap 0.4991
[  138.5s] cart fold 1 done, submission updated (counts {'cart': 2})
[  138.5s] cart fold 2: budget until 188s (est epoch 4s)
[  138.8s] pretrained weights loaded
[  142.6s] cart fold 2 ep 0 loss 0.5777 (4s)
[  146.5s] cart fold 2 ep 1 loss 0.5313 (4s)
[  150.3s] cart fold 2 ep 2 loss 0.5442 (4s)
[  154.1s] cart fold 2 ep 3 loss 0.5281 (4s)
[  157.9s] cart fold 2 ep 4 loss 0.5066 (4s)
[  161.8s] cart fold 2 ep 5 loss 0.4968 (4s)
[  165.6s] cart fold 2 ep 6 loss 0.5033 (4s)
[  169.5s] cart fold 2 ep 7 loss 0.4849 (4s)
[  173.4s] cart fold 2 ep 8 loss 0.4692 (4s)
[  177.3s] cart fold 2 ep 9 loss 0.4642 (4s)
[  181.2s] cart fold 2 ep 10 loss 0.4491 (4s)
[  185.1s] cart fold 2 ep 11 loss 0.4486 (4s)
[  187.4s] cart fold 2 val util 0.5694 ap 0.4528
[  197.0s] cart fold 2 done, submission updated (counts {'cart': 3})
[  197.0s] cart fold 3: budget until 247s (est epoch 4s)
[  197.3s] pretrained weights loaded
[  201.2s] cart fold 3 ep 0 loss 0.6085 (4s)
[  205.0s] cart fold 3 ep 1 loss 0.5131 (4s)
[  208.8s] cart fold 3 ep 2 loss 0.5096 (4s)
[  212.7s] cart fold 3 ep 3 loss 0.5042 (4s)
[  216.5s] cart fold 3 ep 4 loss 0.4905 (4s)
[  220.3s] cart fold 3 ep 5 loss 0.4777 (4s)
[  224.1s] cart fold 3 ep 6 loss 0.4815 (4s)
[  228.1s] cart fold 3 ep 7 loss 0.4643 (4s)
[  231.9s] cart fold 3 ep 8 loss 0.4638 (4s)
[  235.8s] cart fold 3 ep 9 loss 0.4395 (4s)
[  239.7s] cart fold 3 ep 10 loss 0.4375 (4s)
[  243.5s] cart fold 3 ep 11 loss 0.4351 (4s)
[  245.9s] cart fold 3 val util 0.6717 ap 0.6143
[  255.9s] cart fold 3 done, submission updated (counts {'cart': 4})
[  255.9s] cart fold 4: budget until 306s (est epoch 4s)
[  256.1s] pretrained weights loaded
[  260.0s] cart fold 4 ep 0 loss 0.6157 (4s)
[  263.9s] cart fold 4 ep 1 loss 0.5418 (4s)
[  267.9s] cart fold 4 ep 2 loss 0.5420 (4s)
[  271.9s] cart fold 4 ep 3 loss 0.5378 (4s)
[  275.6s] cart fold 4 ep 4 loss 0.5241 (4s)
[  279.5s] cart fold 4 ep 5 loss 0.5152 (4s)
[  283.3s] cart fold 4 ep 6 loss 0.4998 (4s)
[  287.2s] cart fold 4 ep 7 loss 0.5045 (4s)
[  291.1s] cart fold 4 ep 8 loss 0.4818 (4s)
[  295.0s] cart fold 4 ep 9 loss 0.4757 (4s)
[  298.9s] cart fold 4 ep 10 loss 0.4686 (4s)
[  302.8s] cart fold 4 ep 11 loss 0.4580 (4s)
[  305.2s] cart fold 4 val util 0.6276 ap 0.5294
[  314.9s] cart fold 4 done, submission updated (counts {'cart': 5})
[  314.9s] single cart: n=2502 macro=0.5704 AP=0.5183
[  314.9s] OOF covered 2502/2502 from {'cart': 5}
[  314.9s] OOF macro utility (raw)  0.5704  | pooled 0.6134 | AP 0.5183
[  314.9s]   regime 0: n= 207 pos=0.111 AP=0.2990 brier=0.1036 util=0.4782
[  314.9s]   regime 1: n= 973 pos=0.256 AP=0.4866 brier=0.1617 util=0.5921
[  314.9s]   regime 2: n= 532 pos=0.135 AP=0.3352 brier=0.1076 util=0.5023
[  314.9s]   regime 3: n=  42 pos=0.310 AP=0.4186 brier=0.2195 util=0.5272
[  314.9s]   regime 4: n= 104 pos=0.356 AP=0.5507 brier=0.2023 util=0.6248
[  314.9s]   regime 5: n= 644 pos=0.447 AP=0.6035 brier=0.2259 util=0.6547
[  314.9s] OOF macro utility (platt) 0.5706  coef 0.765 int -0.233
[  314.9s] OOF macro utility (blend) 0.5707
[  314.9s] final submission written working\o_fz192.csv rows 2105 mean 0.37737626065225055 min 0.0006133331652289514 max 0.802580992633072
[  314.9s] total runtime 314.9
