pip_system_certs: ERROR: could not inject truststore: [ASN1: NOT_ENOUGH_DATA] not enough data (_ssl.c:4030)
[   14.9s] root . sub working\oof_cart160.csv dev cuda threads 10
[   15.0s] wrote fallback submission
[   15.0s] loading images ...
[   60.1s] loaded (2502, 160, 160) (2105, 160, 160)
[   73.1s] groups: 40 (fine k=40, dup thr=9.57, tracks=2283), regimes=6
[   73.1s] fold sizes [507, 497, 492, 507, 499] fold posrate [0.26, 0.245, 0.24, 0.375, 0.24]
[   73.4s] pretrained weights loaded
[   74.5s] inference probe: est 39s per model (test+val)
[   74.5s] fold 0: budget until 732s (reserve 237s, 5 folds left)
[   74.8s] pretrained weights loaded
[   81.8s] fold 0 ep 0 loss 0.6058 (7s)
[   88.4s] fold 0 ep 1 loss 0.5430 (7s)
[   94.3s] fold 0 ep 2 loss 0.5352 (6s)
[  100.2s] fold 0 ep 3 loss 0.5258 (6s)
[  106.3s] fold 0 ep 4 loss 0.5034 (6s)
[  112.6s] fold 0 ep 5 loss 0.5065 (6s)
[  119.3s] fold 0 ep 6 loss 0.4981 (7s)
[  125.4s] fold 0 ep 7 loss 0.4786 (6s)
[  131.6s] fold 0 ep 8 loss 0.4761 (6s)
[  138.3s] fold 0 ep 9 loss 0.4811 (7s)
[  144.9s] fold 0 ep 10 loss 0.4587 (7s)
[  151.6s] fold 0 ep 11 loss 0.4549 (7s)
[  154.2s] fold 0 val util 0.5692 ap 0.4614
[  165.0s] fold 0 done, submission updated (1 models)
[  165.0s] fold 1: budget until 1000s (reserve 94s, 4 folds left)
[  165.3s] pretrained weights loaded
[  172.1s] fold 1 ep 0 loss 0.5628 (7s)
[  178.3s] fold 1 ep 1 loss 0.5501 (6s)
[  184.4s] fold 1 ep 2 loss 0.5392 (6s)
[  191.2s] fold 1 ep 3 loss 0.5185 (7s)
[  197.8s] fold 1 ep 4 loss 0.5217 (7s)
[  204.4s] fold 1 ep 5 loss 0.5155 (7s)
[  211.0s] fold 1 ep 6 loss 0.5048 (7s)
[  217.4s] fold 1 ep 7 loss 0.5002 (6s)
[  223.8s] fold 1 ep 8 loss 0.4889 (6s)
[  230.8s] fold 1 ep 9 loss 0.4757 (7s)
[  238.0s] fold 1 ep 10 loss 0.4759 (7s)
[  244.3s] fold 1 ep 11 loss 0.4741 (6s)
[  246.8s] fold 1 val util 0.5904 ap 0.4852
[  257.7s] fold 1 done, submission updated (2 models)
[  257.7s] fold 2: budget until 1345s (reserve 81s, 3 folds left)
[  258.0s] pretrained weights loaded
[  265.1s] fold 2 ep 0 loss 0.5624 (7s)
[  271.1s] fold 2 ep 1 loss 0.5338 (6s)
[  276.6s] fold 2 ep 2 loss 0.5575 (6s)
[  282.1s] fold 2 ep 3 loss 0.5305 (6s)
[  287.6s] fold 2 ep 4 loss 0.5183 (6s)
[  294.0s] fold 2 ep 5 loss 0.5061 (6s)
[  300.1s] fold 2 ep 6 loss 0.5064 (6s)
[  305.6s] fold 2 ep 7 loss 0.4916 (5s)
[  311.0s] fold 2 ep 8 loss 0.4764 (5s)
[  316.3s] fold 2 ep 9 loss 0.4673 (5s)
[  322.2s] fold 2 ep 10 loss 0.4567 (6s)
[  328.4s] fold 2 ep 11 loss 0.4551 (6s)
[  330.6s] fold 2 val util 0.5483 ap 0.4255
[  340.6s] fold 2 done, submission updated (3 models)
[  340.6s] fold 3: budget until 1937s (reserve 67s, 2 folds left)
[  340.9s] pretrained weights loaded
[  346.4s] fold 3 ep 0 loss 0.5388 (5s)
[  352.1s] fold 3 ep 1 loss 0.5179 (6s)
[  357.4s] fold 3 ep 2 loss 0.5117 (5s)
[  363.2s] fold 3 ep 3 loss 0.5021 (6s)
[  369.0s] fold 3 ep 4 loss 0.4920 (6s)
[  374.8s] fold 3 ep 5 loss 0.4803 (6s)
[  380.3s] fold 3 ep 6 loss 0.4903 (6s)
[  386.2s] fold 3 ep 7 loss 0.4689 (6s)
[  392.3s] fold 3 ep 8 loss 0.4688 (6s)
[  397.7s] fold 3 ep 9 loss 0.4487 (5s)
[  402.7s] fold 3 ep 10 loss 0.4406 (5s)
[  407.9s] fold 3 ep 11 loss 0.4508 (5s)
[  410.0s] fold 3 val util 0.6864 ap 0.6350
[  418.8s] fold 3 done, submission updated (4 models)
[  418.8s] fold 4: budget until 3547s (reserve 53s, 1 folds left)
[  419.0s] pretrained weights loaded
[  424.7s] fold 4 ep 0 loss 0.6877 (6s)
[  429.9s] fold 4 ep 1 loss 0.5602 (5s)
[  435.6s] fold 4 ep 2 loss 0.5432 (6s)
[  441.0s] fold 4 ep 3 loss 0.5412 (5s)
[  446.7s] fold 4 ep 4 loss 0.5333 (6s)
[  452.2s] fold 4 ep 5 loss 0.5264 (6s)
[  457.9s] fold 4 ep 6 loss 0.5145 (6s)
[  463.6s] fold 4 ep 7 loss 0.5085 (6s)
[  469.0s] fold 4 ep 8 loss 0.4898 (5s)
[  474.3s] fold 4 ep 9 loss 0.4897 (5s)
[  479.6s] fold 4 ep 10 loss 0.4751 (5s)
[  485.1s] fold 4 ep 11 loss 0.4704 (6s)
[  487.3s] fold 4 val util 0.6358 ap 0.5411
[  495.5s] fold 4 done, submission updated (5 models)
[  495.5s] OOF covered 2502/2502 from 5 models
[  495.5s] OOF macro utility (raw)  0.5505  | pooled 0.6080 | AP 0.5125
[  495.5s]   regime 0: n= 207 pos=0.111 AP=0.2817 brier=0.1048 util=0.4657
[  495.5s]   regime 1: n= 973 pos=0.256 AP=0.4777 brier=0.1696 util=0.5835
[  495.5s]   regime 2: n= 532 pos=0.135 AP=0.3009 brier=0.1115 util=0.4772
[  495.5s]   regime 3: n=  42 pos=0.310 AP=0.4077 brier=0.2359 util=0.5146
[  495.5s]   regime 4: n= 104 pos=0.356 AP=0.5362 brier=0.1990 util=0.6156
[  495.5s]   regime 5: n= 644 pos=0.447 AP=0.5925 brier=0.2278 util=0.6464
[  495.5s] OOF macro utility (platt) 0.5516  coef 0.792 int -0.360
[  495.5s] OOF macro utility (blend) 0.5514
[  495.5s] final submission written working\oof_cart160.csv rows 2105 mean 0.38995369855891504 min 0.0006303922660024178 max 0.7717484484996626
[  495.5s] total runtime 495.5
